// Jest Snapshot v1, https://goo.gl/fbAQLP

exports[`ABLE ControlTower Stacks GuestAccount Base Stacks 1`] = `
Object {
  "Resources": Object {
    "ABLERuleDefaultSecurityGroupClosed3A4B84A3": Object {
      "Properties": Object {
        "ConfigRuleName": "gc-default-security-group-closed",
        "Description": "Checks that the default security group of any Amazon Virtual Private Cloud (VPC) does not allow inbound or outbound traffic. The rule is non-compliant if the default security group has one or more inbound or outbound traffic.",
        "Scope": Object {
          "ComplianceResourceTypes": Array [
            "AWS::EC2::SecurityGroup",
          ],
        },
        "Source": Object {
          "Owner": "AWS",
          "SourceIdentifier": "VPC_DEFAULT_SECURITY_GROUP_CLOSED",
        },
      },
      "Type": "AWS::Config::ConfigRule",
    },
    "RemoveSecGroupRemediationRoleDefaultPolicyF609DBB1": Object {
      "Properties": Object {
        "PolicyDocument": Object {
          "Statement": Array [
            Object {
              "Action": Array [
                "ec2:RevokeSecurityGroupIngress",
                "ec2:RevokeSecurityGroupEgress",
                "ec2:DescribeSecurityGroups",
              ],
              "Effect": "Allow",
              "Resource": "*",
            },
            Object {
              "Action": "iam:PassRole",
              "Effect": "Allow",
              "Resource": Object {
                "Fn::GetAtt": Array [
                  "RemoveSecGroupRemediationRoleE508F214",
                  "Arn",
                ],
              },
            },
            Object {
              "Action": "ssm:StartAutomationExecution",
              "Effect": "Allow",
              "Resource": "arn:aws:ssm:::automation-definition/AWSConfigRemediation-RemoveVPCDefaultSecurityGroupRules",
            },
          ],
          "Version": "2012-10-17",
        },
        "PolicyName": "RemoveSecGroupRemediationRoleDefaultPolicyF609DBB1",
        "Roles": Array [
          Object {
            "Ref": "RemoveSecGroupRemediationRoleE508F214",
          },
        ],
      },
      "Type": "AWS::IAM::Policy",
    },
    "RemoveSecGroupRemediationRoleE508F214": Object {
      "Properties": Object {
        "AssumeRolePolicyDocument": Object {
          "Statement": Array [
            Object {
              "Action": "sts:AssumeRole",
              "Effect": "Allow",
              "Principal": Object {
                "Service": "ssm.amazonaws.com",
              },
            },
          ],
          "Version": "2012-10-17",
        },
        "ManagedPolicyArns": Array [
          "arn:aws:iam::aws:policy/service-role/AmazonSSMAutomationRole",
        ],
        "Path": "/",
        "Tags": Array [
          Object {
            "Key": "Environment",
            "Value": "Development",
          },
        ],
      },
      "Type": "AWS::IAM::Role",
    },
    "RmDefaultSg": Object {
      "Properties": Object {
        "Automatic": true,
        "ConfigRuleName": Object {
          "Ref": "ABLERuleDefaultSecurityGroupClosed3A4B84A3",
        },
        "MaximumAutomaticAttempts": 5,
        "Parameters": Object {
          "AutomationAssumeRole": Object {
            "StaticValue": Object {
              "Values": Array [
                Object {
                  "Fn::GetAtt": Array [
                    "RemoveSecGroupRemediationRoleE508F214",
                    "Arn",
                  ],
                },
              ],
            },
          },
          "GroupId": Object {
            "ResourceValue": Object {
              "Value": "RESOURCE_ID",
            },
          },
        },
        "RetryAttemptSeconds": 60,
        "TargetId": "AWSConfigRemediation-RemoveVPCDefaultSecurityGroupRules",
        "TargetType": "SSM_DOCUMENT",
        "TargetVersion": "1",
      },
      "Type": "AWS::Config::RemediationConfiguration",
    },
  },
}
`;

exports[`ABLE ControlTower Stacks GuestAccount Base Stacks 2`] = `
Object {
  "Resources": Object {
    "IamAdminGroupA13BD09E": Object {
      "Properties": Object {
        "ManagedPolicyArns": Array [
          Object {
            "Ref": "IamAdminPolicy0D291B9C",
          },
        ],
      },
      "Type": "AWS::IAM::Group",
    },
    "IamAdminPolicy0D291B9C": Object {
      "Properties": Object {
        "Description": "",
        "Path": "/",
        "PolicyDocument": Object {
          "Statement": Array [
            Object {
              "Action": "iam:*",
              "Condition": Object {
                "Bool": Object {
                  "aws:MultiFactorAuthPresent": "true",
                },
              },
              "Effect": "Allow",
              "Resource": "*",
            },
            Object {
              "Action": "aws-portal:*Billing",
              "Effect": "Deny",
              "Resource": "*",
            },
          ],
          "Version": "2012-10-17",
        },
      },
      "Type": "AWS::IAM::ManagedPolicy",
    },
    "IamAdminRole7F81A4F9": Object {
      "Properties": Object {
        "AssumeRolePolicyDocument": Object {
          "Statement": Array [
            Object {
              "Action": "sts:AssumeRole",
              "Effect": "Allow",
              "Principal": Object {
                "Service": Object {
                  "Fn::Join": Array [
                    "",
                    Array [
                      "ec2.",
                      Object {
                        "Ref": "AWS::URLSuffix",
                      },
                    ],
                  ],
                },
              },
            },
          ],
          "Version": "2012-10-17",
        },
        "ManagedPolicyArns": Array [
          Object {
            "Ref": "IamAdminPolicy0D291B9C",
          },
        ],
        "Tags": Array [
          Object {
            "Key": "Environment",
            "Value": "Development",
          },
        ],
      },
      "Type": "AWS::IAM::Role",
    },
    "InstanceOpsGroup70D35B0F": Object {
      "Properties": Object {
        "ManagedPolicyArns": Array [
          Object {
            "Ref": "InstanceOpsPolicyACF13D80",
          },
        ],
      },
      "Type": "AWS::IAM::Group",
    },
    "InstanceOpsPolicyACF13D80": Object {
      "Properties": Object {
        "Description": "",
        "Path": "/",
        "PolicyDocument": Object {
          "Statement": Array [
            Object {
              "Action": "ec2:*",
              "Effect": "Allow",
              "Resource": "*",
            },
            Object {
              "Action": "elasticloadbalancing:*",
              "Effect": "Allow",
              "Resource": "*",
            },
            Object {
              "Action": "cloudwatch:*",
              "Effect": "Allow",
              "Resource": "*",
            },
            Object {
              "Action": "autoscaling:*",
              "Effect": "Allow",
              "Resource": "*",
            },
            Object {
              "Action": Array [
                "ec2:CreateVpc*",
                "ec2:DeleteVpc*",
                "ec2:ModifyVpc*",
                "ec2:CreateSubnet*",
                "ec2:DeleteSubnet*",
                "ec2:ModifySubnet*",
                "ec2:Create*Route*",
                "ec2:DeleteRoute*",
                "ec2:AssociateRoute*",
                "ec2:ReplaceRoute*",
                "ec2:CreateVpn*",
                "ec2:DeleteVpn*",
                "ec2:AttachVpn*",
                "ec2:DetachVpn*",
                "ec2:CreateNetworkAcl*",
                "ec2:DeleteNetworkAcl*",
                "ec2:ReplaceNetworkAcl*",
                "ec2:*Gateway*",
                "ec2:*PeeringConnection*",
              ],
              "Effect": "Deny",
              "Resource": "*",
            },
            Object {
              "Action": "aws-portal:*Billing",
              "Effect": "Deny",
              "Resource": "*",
            },
            Object {
              "Action": Array [
                "kms:Create*",
                "kms:Revoke*",
                "kms:Enable*",
                "kms:Get*",
                "kms:Disable*",
                "kms:Delete*",
                "kms:Put*",
                "kms:Update*",
              ],
              "Effect": "Deny",
              "Resource": "*",
            },
          ],
          "Version": "2012-10-17",
        },
      },
      "Type": "AWS::IAM::ManagedPolicy",
    },
    "InstanceOpsRole4285322B": Object {
      "Properties": Object {
        "AssumeRolePolicyDocument": Object {
          "Statement": Array [
            Object {
              "Action": "sts:AssumeRole",
              "Effect": "Allow",
              "Principal": Object {
                "Service": Object {
                  "Fn::Join": Array [
                    "",
                    Array [
                      "ec2.",
                      Object {
                        "Ref": "AWS::URLSuffix",
                      },
                    ],
                  ],
                },
              },
            },
          ],
          "Version": "2012-10-17",
        },
        "ManagedPolicyArns": Array [
          Object {
            "Ref": "InstanceOpsPolicyACF13D80",
          },
        ],
        "Tags": Array [
          Object {
            "Key": "Environment",
            "Value": "Development",
          },
        ],
      },
      "Type": "AWS::IAM::Role",
    },
    "ReadOnlyAdminGroup48654107": Object {
      "Properties": Object {
        "ManagedPolicyArns": Array [
          Object {
            "Ref": "ReadOnlyAdminPolicyBB7EEA25",
          },
        ],
      },
      "Type": "AWS::IAM::Group",
    },
    "ReadOnlyAdminPolicyBB7EEA25": Object {
      "Properties": Object {
        "Description": "",
        "Path": "/",
        "PolicyDocument": Object {
          "Statement": Array [
            Object {
              "Action": Array [
                "appstream:Get*",
                "autoscaling:Describe*",
                "cloudformation:DescribeStacks",
                "cloudformation:DescribeStackEvents",
                "cloudformation:DescribeStackResource",
                "cloudformation:DescribeStackResources",
                "cloudformation:GetTemplate",
                "cloudformation:List*",
                "cloudfront:Get*",
                "cloudfront:List*",
                "cloudtrail:DescribeTrails",
                "cloudtrail:GetTrailStatus",
                "cloudwatch:Describe*",
                "cloudwatch:Get*",
                "cloudwatch:List*",
                "directconnect:Describe*",
                "dynamodb:GetItem",
                "dynamodb:BatchGetItem",
                "dynamodb:Query",
                "dynamodb:Scan",
                "dynamodb:DescribeTable",
                "dynamodb:ListTables",
                "ec2:Describe*",
                "elasticache:Describe*",
                "elasticbeanstalk:Check*",
                "elasticbeanstalk:Describe*",
                "elasticbeanstalk:List*",
                "elasticbeanstalk:RequestEnvironmentInfo",
                "elasticbeanstalk:RetrieveEnvironmentInfo",
                "elasticloadbalancing:Describe*",
                "elastictranscoder:Read*",
                "elastictranscoder:List*",
                "iam:List*",
                "iam:Get*",
                "kinesis:Describe*",
                "kinesis:Get*",
                "kinesis:List*",
                "opsworks:Describe*",
                "opsworks:Get*",
                "route53:Get*",
                "route53:List*",
                "redshift:Describe*",
                "redshift:ViewQueriesInConsole",
                "rds:Describe*",
                "rds:ListTagsForResource",
                "s3:Get*",
                "s3:List*",
                "sdb:GetAttributes",
                "sdb:List*",
                "sdb:Select*",
                "ses:Get*",
                "ses:List*",
                "sns:Get*",
                "sns:List*",
                "sqs:GetQueueAttributes",
                "sqs:ListQueues",
                "sqs:ReceiveMessage",
                "storagegateway:List*",
                "storagegateway:Describe*",
                "trustedadvisor:Describe*",
              ],
              "Effect": "Allow",
              "Resource": "*",
            },
            Object {
              "Action": "aws-portal:*Billing",
              "Effect": "Deny",
              "Resource": "*",
            },
          ],
          "Version": "2012-10-17",
        },
      },
      "Type": "AWS::IAM::ManagedPolicy",
    },
    "ReadOnlyAdminRole76DC872B": Object {
      "Properties": Object {
        "AssumeRolePolicyDocument": Object {
          "Statement": Array [
            Object {
              "Action": "sts:AssumeRole",
              "Effect": "Allow",
              "Principal": Object {
                "Service": Object {
                  "Fn::Join": Array [
                    "",
                    Array [
                      "ec2.",
                      Object {
                        "Ref": "AWS::URLSuffix",
                      },
                    ],
                  ],
                },
              },
            },
          ],
          "Version": "2012-10-17",
        },
        "ManagedPolicyArns": Array [
          Object {
            "Ref": "ReadOnlyAdminPolicyBB7EEA25",
          },
        ],
        "Tags": Array [
          Object {
            "Key": "Environment",
            "Value": "Development",
          },
        ],
      },
      "Type": "AWS::IAM::Role",
    },
    "SysAdminGroupA408C9E0": Object {
      "Properties": Object {
        "ManagedPolicyArns": Array [
          Object {
            "Ref": "SysAdminPolicy90C47C4A",
          },
        ],
      },
      "Type": "AWS::IAM::Group",
    },
    "SysAdminPolicy90C47C4A": Object {
      "Properties": Object {
        "Description": "",
        "Path": "/",
        "PolicyDocument": Object {
          "Statement": Array [
            Object {
              "Condition": Object {
                "Bool": Object {
                  "aws:MultiFactorAuthPresent": "true",
                },
              },
              "Effect": "Allow",
              "NotAction": "iam:*",
              "Resource": "*",
            },
            Object {
              "Action": "aws-portal:*Billing",
              "Effect": "Deny",
              "Resource": "*",
            },
            Object {
              "Action": Array [
                "cloudtrail:DeleteTrail",
                "cloudtrail:StopLogging",
                "cloudtrail:UpdateTrail",
              ],
              "Effect": "Deny",
              "Resource": "*",
            },
            Object {
              "Action": Array [
                "kms:Create*",
                "kms:Revoke*",
                "kms:Enable*",
                "kms:Get*",
                "kms:Disable*",
                "kms:Delete*",
                "kms:Put*",
                "kms:Update*",
              ],
              "Effect": "Deny",
              "Resource": "*",
            },
          ],
          "Version": "2012-10-17",
        },
      },
      "Type": "AWS::IAM::ManagedPolicy",
    },
    "SysAdminRoleC29628DF": Object {
      "Properties": Object {
        "AssumeRolePolicyDocument": Object {
          "Statement": Array [
            Object {
              "Action": "sts:AssumeRole",
              "Effect": "Allow",
              "Principal": Object {
                "Service": Object {
                  "Fn::Join": Array [
                    "",
                    Array [
                      "ec2.",
                      Object {
                        "Ref": "AWS::URLSuffix",
                      },
                    ],
                  ],
                },
              },
            },
          ],
          "Version": "2012-10-17",
        },
        "ManagedPolicyArns": Array [
          Object {
            "Ref": "SysAdminPolicy90C47C4A",
          },
        ],
        "Tags": Array [
          Object {
            "Key": "Environment",
            "Value": "Development",
          },
        ],
      },
      "Type": "AWS::IAM::Role",
    },
  },
}
`;

exports[`ABLE ControlTower Stacks GuestAccount Base Stacks 3`] = `
Object {
  "Outputs": Object {
    "ExportsOutputRefSecurityAlarmTopicEE71C63385BAAF8E": Object {
      "Export": Object {
        "Name": "ABLE-SecurityAlarm:ExportsOutputRefSecurityAlarmTopicEE71C63385BAAF8E",
      },
      "Value": Object {
        "Ref": "SecurityAlarmTopicEE71C633",
      },
    },
  },
  "Resources": Object {
    "ABLEIAMPolicyChange4A8B4C2E": Object {
      "Properties": Object {
        "Description": "Notify to modify IAM Policy",
        "EventPattern": Object {
          "detail": Object {
            "eventName": Array [
              "DeleteRolePolicy",
              "DeleteUserPolicy",
              "PutGroupPolicy",
              "PutRolePolicy",
              "PutUserPolicy",
              "CreatePolicy",
              "DeletePolicy",
              "CreatePolicyVersion",
              "DeletePolicyVersion",
              "AttachRolePolicy",
              "DetachRolePolicy",
              "AttachUserPolicy",
              "DetachUserPolicy",
              "AttachGroupPolicy",
              "DetachGroupPolicy",
            ],
            "eventSource": Array [
              "iam.amazonaws.com",
            ],
          },
          "detail-type": Array [
            "AWS API Call via CloudTrail",
          ],
        },
        "State": "ENABLED",
        "Targets": Array [
          Object {
            "Arn": Object {
              "Ref": "SecurityAlarmTopicEE71C633",
            },
            "Id": "Target0",
          },
        ],
      },
      "Type": "AWS::Events::Rule",
    },
    "ABLERuleAwsHealthA9595DE9": Object {
      "Properties": Object {
        "Description": "Notify AWS Health event",
        "EventPattern": Object {
          "detail-type": Array [
            "AWS Health Event",
          ],
          "source": Array [
            "aws.health",
          ],
        },
        "State": "ENABLED",
        "Targets": Array [
          Object {
            "Arn": Object {
              "Ref": "SecurityAlarmTopicEE71C633",
            },
            "Id": "Target0",
          },
        ],
      },
      "Type": "AWS::Events::Rule",
    },
    "ABLERuleCloudTrailChange350B2AF4": Object {
      "Properties": Object {
        "Description": "Notify to change on CloudTrail log configuration",
        "EventPattern": Object {
          "detail": Object {
            "eventName": Array [
              "StopLogging",
              "DeleteTrail",
              "UpdateTrail",
            ],
            "eventSource": Array [
              "cloudtrail.amazonaws.com",
            ],
          },
          "detail-type": Array [
            "AWS API Call via CloudTrail",
          ],
        },
        "State": "ENABLED",
        "Targets": Array [
          Object {
            "Arn": Object {
              "Ref": "SecurityAlarmTopicEE71C633",
            },
            "Id": "Target0",
          },
        ],
      },
      "Type": "AWS::Events::Rule",
    },
    "ABLERuleConfigRulesD1530AD2": Object {
      "Properties": Object {
        "Description": "CloudWatch Event Rule to send notification on Config Rule compliance changes.",
        "EventPattern": Object {
          "detail": Object {
            "newEvaluationResult": Object {
              "complianceType": Array [
                "NON_COMPLIANT",
              ],
            },
          },
          "detail-type": Array [
            "Config Rules Compliance Change",
          ],
          "source": Array [
            "aws.config",
          ],
        },
        "State": "ENABLED",
        "Targets": Array [
          Object {
            "Arn": Object {
              "Ref": "SecurityAlarmTopicEE71C633",
            },
            "Id": "Target0",
          },
        ],
      },
      "Type": "AWS::Events::Rule",
    },
    "ABLERuleGuardDutyFA4063E9": Object {
      "Properties": Object {
        "Description": "CloudWatch Event Rule to send notification on GuardDuty findings.",
        "EventPattern": Object {
          "detail": Object {
            "severity": Array [
              4,
              4,
              4.1,
              4.2,
              4.3,
              4.4,
              4.5,
              4.6,
              4.7,
              4.8,
              4.9,
              5,
              5,
              5.1,
              5.2,
              5.3,
              5.4,
              5.5,
              5.6,
              5.7,
              5.8,
              5.9,
              6,
              6,
              6.1,
              6.2,
              6.3,
              6.4,
              6.5,
              6.6,
              6.7,
              6.8,
              6.9,
              7,
              7,
              7.1,
              7.2,
              7.3,
              7.4,
              7.5,
              7.6,
              7.7,
              7.8,
              7.9,
              8,
              8,
              8.1,
              8.2,
              8.3,
              8.4,
              8.5,
              8.6,
              8.7,
              8.8,
              8.9,
            ],
          },
          "detail-type": Array [
            "GuardDuty Finding",
          ],
          "source": Array [
            "aws.guardduty",
          ],
        },
        "State": "ENABLED",
        "Targets": Array [
          Object {
            "Arn": Object {
              "Ref": "SecurityAlarmTopicEE71C633",
            },
            "Id": "Target0",
          },
        ],
      },
      "Type": "AWS::Events::Rule",
    },
    "ABLERuleNetworkAclChange77763030": Object {
      "Properties": Object {
        "Description": "Notify to create, update or delete a Network ACL.",
        "EventPattern": Object {
          "detail": Object {
            "eventName": Array [
              "CreateNetworkAcl",
              "CreateNetworkAclEntry",
              "DeleteNetworkAcl",
              "DeleteNetworkAclEntry",
              "ReplaceNetworkAclEntry",
              "ReplaceNetworkAclAssociation",
            ],
            "eventSource": Array [
              "ec2.amazonaws.com",
            ],
          },
          "detail-type": Array [
            "AWS API Call via CloudTrail",
          ],
          "source": Array [
            "aws.ec2",
          ],
        },
        "State": "ENABLED",
        "Targets": Array [
          Object {
            "Arn": Object {
              "Ref": "SecurityAlarmTopicEE71C633",
            },
            "Id": "Target0",
          },
        ],
      },
      "Type": "AWS::Events::Rule",
    },
    "ABLERuleNewAccessKeyCreated33AFA429": Object {
      "Properties": Object {
        "Description": "Notify to create new accessKey",
        "EventPattern": Object {
          "detail": Object {
            "eventName": Array [
              "CreateAccessKey",
            ],
            "eventSource": Array [
              "iam.amazonaws.com",
            ],
          },
          "detail-type": Array [
            "AWS API Call via CloudTrail",
          ],
        },
        "State": "ENABLED",
        "Targets": Array [
          Object {
            "Arn": Object {
              "Ref": "SecurityAlarmTopicEE71C633",
            },
            "Id": "Target0",
          },
        ],
      },
      "Type": "AWS::Events::Rule",
    },
    "ABLERuleRootUserUsedC14917E2": Object {
      "Properties": Object {
        "Description": "Notify to detect root user activity",
        "EventPattern": Object {
          "detail": Object {
            "eventType": Array [
              Object {
                "anything-but": "AwsServiceEvent",
              },
            ],
            "userIdentity": Object {
              "invokedBy": Array [
                Object {
                  "exists": false,
                },
              ],
              "type": Array [
                "Root",
              ],
            },
          },
          "detail-type": Array [
            "AWS API Call via CloudTrail",
          ],
        },
        "State": "ENABLED",
        "Targets": Array [
          Object {
            "Arn": Object {
              "Ref": "SecurityAlarmTopicEE71C633",
            },
            "Id": "Target0",
          },
        ],
      },
      "Type": "AWS::Events::Rule",
    },
    "ABLERuleSecurityGroupChange18A13D72": Object {
      "Properties": Object {
        "Description": "Notify to create, update or delete a Security Group.",
        "EventPattern": Object {
          "detail": Object {
            "eventName": Array [
              "AuthorizeSecurityGroupIngress",
              "AuthorizeSecurityGroupEgress",
              "RevokeSecurityGroupIngress",
              "RevokeSecurityGroupEgress",
            ],
            "eventSource": Array [
              "ec2.amazonaws.com",
            ],
          },
          "detail-type": Array [
            "AWS API Call via CloudTrail",
          ],
          "source": Array [
            "aws.ec2",
          ],
        },
        "State": "ENABLED",
        "Targets": Array [
          Object {
            "Arn": Object {
              "Ref": "SecurityAlarmTopicEE71C633",
            },
            "Id": "Target0",
          },
        ],
      },
      "Type": "AWS::Events::Rule",
    },
    "ABLERuleSecurityHub054641B3": Object {
      "Properties": Object {
        "Description": "CloudWatch Event Rule to send notification on SecurityHub all new findings and all updates.",
        "EventPattern": Object {
          "detail": Object {
            "findings": Object {
              "Compliance": Object {
                "Status": Array [
                  "FAILED",
                ],
              },
              "Severity": Object {
                "Label": Array [
                  "CRITICAL",
                  "HIGH",
                ],
              },
              "Workflow": Object {
                "Status": Array [
                  "NEW",
                  "NOTIFIED",
                ],
              },
            },
          },
          "detail-type": Array [
            "Security Hub Findings - Imported",
          ],
          "source": Array [
            "aws.securityhub",
          ],
        },
        "State": "ENABLED",
        "Targets": Array [
          Object {
            "Arn": Object {
              "Ref": "SecurityAlarmTopicEE71C633",
            },
            "Id": "Target0",
          },
        ],
      },
      "Type": "AWS::Events::Rule",
    },
    "RootUserPolicyEventCountAlarm55CEC7AC": Object {
      "Properties": Object {
        "ActionsEnabled": true,
        "AlarmActions": Array [
          Object {
            "Ref": "SecurityAlarmTopicEE71C633",
          },
        ],
        "AlarmDescription": "Root user activity detected!",
        "ComparisonOperator": "GreaterThanOrEqualToThreshold",
        "DatapointsToAlarm": 1,
        "EvaluationPeriods": 1,
        "MetricName": "RootUserPolicyEventCount",
        "Namespace": "LogMetrics",
        "Period": 300,
        "Statistic": "Sum",
        "Threshold": 1,
      },
      "Type": "AWS::CloudWatch::Alarm",
    },
    "SecurityAlarmEmailD5EA4C2D": Object {
      "Properties": Object {
        "Endpoint": "notify-security@example.com",
        "Protocol": "email",
        "TopicArn": Object {
          "Ref": "SecurityAlarmTopicEE71C633",
        },
      },
      "Type": "AWS::SNS::Subscription",
    },
    "SecurityAlarmTopicEE71C633": Object {
      "Properties": Object {
        "Tags": Array [
          Object {
            "Key": "Environment",
            "Value": "Development",
          },
        ],
      },
      "Type": "AWS::SNS::Topic",
    },
    "SecurityAlarmTopicPolicyA4A1405F": Object {
      "Properties": Object {
        "PolicyDocument": Object {
          "Statement": Array [
            Object {
              "Action": "sns:Publish",
              "Effect": "Allow",
              "Principal": Object {
                "Service": "events.amazonaws.com",
              },
              "Resource": Object {
                "Ref": "SecurityAlarmTopicEE71C633",
              },
              "Sid": "0",
            },
          ],
          "Version": "2012-10-17",
        },
        "Topics": Array [
          Object {
            "Ref": "SecurityAlarmTopicEE71C633",
          },
        ],
      },
      "Type": "AWS::SNS::TopicPolicy",
    },
  },
}
`;

exports[`ABLE ControlTower Stacks GuestAccount Base Stacks 4`] = `
Object {
  "Resources": Object {
    "ChatbotChannel": Object {
      "Properties": Object {
        "ConfigurationName": "ABLE-ChatbotSecurity-T8XXXXXXX",
        "IamRoleArn": Object {
          "Fn::GetAtt": Array [
            "ChatbotRole8A87AA1F",
            "Arn",
          ],
        },
        "SlackChannelId": "C01XXXXXXXX",
        "SlackWorkspaceId": "T8XXXXXXX",
        "SnsTopicArns": Array [
          Object {
            "Fn::ImportValue": "ABLE-SecurityAlarm:ExportsOutputRefSecurityAlarmTopicEE71C63385BAAF8E",
          },
        ],
      },
      "Type": "AWS::Chatbot::SlackChannelConfiguration",
    },
    "ChatbotRole8A87AA1F": Object {
      "Properties": Object {
        "AssumeRolePolicyDocument": Object {
          "Statement": Array [
            Object {
              "Action": "sts:AssumeRole",
              "Effect": "Allow",
              "Principal": Object {
                "Service": "chatbot.amazonaws.com",
              },
            },
          ],
          "Version": "2012-10-17",
        },
        "ManagedPolicyArns": Array [
          Object {
            "Fn::Join": Array [
              "",
              Array [
                "arn:",
                Object {
                  "Ref": "AWS::Partition",
                },
                ":iam::aws:policy/ReadOnlyAccess",
              ],
            ],
          },
          Object {
            "Fn::Join": Array [
              "",
              Array [
                "arn:",
                Object {
                  "Ref": "AWS::Partition",
                },
                ":iam::aws:policy/CloudWatchReadOnlyAccess",
              ],
            ],
          },
        ],
        "Tags": Array [
          Object {
            "Key": "Environment",
            "Value": "Development",
          },
        ],
      },
      "Type": "AWS::IAM::Role",
    },
  },
}
`;
